// Jest Snapshot v1, https://goo.gl/fbAQLP

exports[`igoc linkage and fields igoc linkage and fields 1`] = `
Object {
  "data": Object {
    "root": Object {
      "org": Object {
        "article_1": null,
        "article_2": "d'",
        "auditor": null,
        "dp_url": "https://www.canada.ca/en/treasury-board-secretariat/services/planned-government-spending/reports-plans-priorities/2017-18-departmental-plan.html",
        "enabling_instrument": "Department of Employment and Social Development Act, S.C. 2005, c. 34",
        "eval_url": "http://www.esdc.gc.ca/en/reports/evaluations/index.page",
        "faa_schedule_institutional": "I",
        "incorp_yr": "2005",
        "inst_form": Object {
          "id": "min_dept",
        },
        "ministers": Array [
          Object {
            "id": "1b988ec051",
            "name": "Minister of Families, Children and Social Development",
          },
          Object {
            "id": "4d25aad37b",
            "name": "Minister of Employment, Workforce Development and Labour",
          },
          Object {
            "id": "506ff314f0",
            "name": "Minister of Sport and Persons with Disabilities",
          },
        ],
        "ministry": Object {
          "id": "2201",
          "name": "Families, Children and Social Development",
          "orgs": Array [
            Object {
              "id": "33",
            },
            Object {
              "id": "42",
            },
            Object {
              "id": "55",
            },
            Object {
              "id": "128",
            },
          ],
        },
        "notes": null,
        "qfr_url": "https://www.canada.ca/en/treasury-board-secretariat/services/reporting-government-spending/quarterly-financial-reporting/departments-agencies.html#listname",
        "website_url": "www.esdc.gc.ca",
      },
      "org_with_auditor": Object {
        "auditor": "Auditor General of Canada",
      },
      "org_with_end_date": Object {
        "end_yr": "2014",
      },
      "org_with_faa_hr": Object {
        "faa_schedule_hr_status": "IV",
      },
      "org_with_fed_ownership": Object {
        "fed_ownership": "Pursuant to the Public Service Labour Relations and Employment Board Act, the Public Service Staffing Tribunal was merged with the Public Service Labour Relations Board into the Public Service Labour Relations and Employment Board, and pursuant to the Administrative Tribunals Support Service of Canada Act, the Public Service Labour Relations and Employment Board was amalgamated to the Administrative Tribunals Support Service of Canada, effective November 1, 2014.",
      },
      "org_with_notes": Object {
        "notes": "Bill C-38 (41/1), as passed by the House of Commons on June 29, 2012, dissolves the Agency by amending section 3 of the Assisted Human Reproduction Act to repeal the definition of Agency. P.C. decision 2012-1136 fixes September 30, 2012 as the day in which this amendment comes into force.",
      },
    },
  },
}
`;

exports[`program basic fields program basic fields 1`] = `
Object {
  "data": Object {
    "root": Object {
      "inactive_program": Object {
        "is_active": false,
      },
      "internal_service_program": Object {
        "is_internal_service": true,
      },
      "program": Object {
        "activity_code": "AAA00",
        "description": "Agriculture and Agri-Food Canada has a comprehensive suite of Business Risk Management programs to better equip producers with the tools and capacity to manage business risks. This suite provides support for income losses, a disaster-relief framework and insurance to protect farmers against production losses due to uncontrollable natural hazards, as well as research, development, implementation, and administration of new agricultural risk management tools. In addition to the Business Risk Management suite, Agriculture and Agri-Food Canada provides producers with the ability to market their products when conditions and prices may be more favourable through loan guarantee programs.",
        "id": "AGR-AAA00",
        "is_internal_service": false,
      },
    },
  },
}
`;

exports[`subject linkage crso root, up and down linkage 1`] = `
Object {
  "data": Object {
    "root": Object {
      "crso": Object {
        "name": "A skilled, adaptable and inclusive labour force and an efficient labour market",
        "org": Object {
          "id": "128",
        },
        "programs": Array [
          Object {
            "id": "HRSD-AMQ00",
          },
          Object {
            "id": "HRSD-BJJ00",
          },
        ],
      },
      "org": Object {
        "acronym": "ESDC",
        "crsos": Array [
          Object {
            "id": "HRSD-SO0491",
          },
          Object {
            "id": "HRSD-SO0492",
          },
          Object {
            "id": "HRSD-SO0493",
          },
          Object {
            "id": "HRSD-SO0494",
          },
          Object {
            "id": "HRSD-SO0495",
          },
          Object {
            "id": "HRSD-SO1999",
          },
        ],
      },
      "program": Object {
        "crso": Object {
          "id": "HRSD-SO0491",
        },
      },
    },
  },
}
`;
