// Jest Snapshot v1, https://goo.gl/fbAQLP

exports[`igoc linkage and fields igoc linkage and fields 1`] = `
Object {
  "data": Object {
    "root": Object {
      "org": Object {
        "article_1": null,
        "article_2": "de",
        "auditor": null,
        "enabling_instrument": "National Defence Act, R.S.C. 1985, c. N-5",
        "faa_schedule_institutional": null,
        "incorp_yr": null,
        "inst_form": null,
        "ministers": null,
        "ministry": null,
        "notes": null,
      },
      "org_with_auditor": Object {
        "auditor": "Ernst & Young LLP and PricewaterhouseCoopers LLP",
      },
      "org_with_end_date": Object {
        "end_yr": null,
      },
      "org_with_faa_hr": Object {
        "faa_schedule_hr_status": null,
      },
      "org_with_fed_ownership": Object {
        "fed_ownership": null,
      },
      "org_with_notes": Object {
        "notes": null,
      },
    },
  },
}
`;

exports[`program basic fields program basic fields 1`] = `
Object {
  "data": Object {
    "root": Object {
      "inactive_program": Object {
        "is_active": false,
      },
      "internal_service_program": Object {
        "is_internal_service": false,
      },
      "program": Object {
        "activity_code": "ATT00",
        "description": null,
        "id": "ND-ATT00",
        "is_internal_service": false,
      },
    },
  },
}
`;

exports[`subject linkage crso root, up and down linkage 1`] = `
Object {
  "data": Object {
    "root": Object {
      "crso": Object {
        "name": "Defence operations improve peace, stability and security wherever deployed",
        "org": Object {
          "id": "133",
        },
        "programs": Array [
          Object {
            "id": "ND-AUW00",
          },
          Object {
            "id": "ND-AUX00",
          },
          Object {
            "id": "ND-AUY00",
          },
          Object {
            "id": "ND-AUZ00",
          },
        ],
      },
      "org": Object {
        "acronym": null,
        "crsos": Array [
          Object {
            "id": "ND-BUN00",
          },
          Object {
            "id": "ND-BUO00",
          },
          Object {
            "id": "ND-BUP00",
          },
          Object {
            "id": "ND-BUQ00",
          },
          Object {
            "id": "ND-BUR00",
          },
          Object {
            "id": "ND-BUS00",
          },
          Object {
            "id": "ND-ISS00",
          },
          Object {
            "id": "ND-SO00224",
          },
          Object {
            "id": "ND-SO00225",
          },
          Object {
            "id": "ND-SO00226",
          },
          Object {
            "id": "ND-SO00227",
          },
          Object {
            "id": "ND-SO00228",
          },
          Object {
            "id": "ND-SO00229",
          },
          Object {
            "id": "ND-SO00230",
          },
        ],
      },
      "program": null,
    },
  },
}
`;
