// Jest Snapshot v1, https://goo.gl/fbAQLP

exports[`igoc linkage and fields igoc linkage and fields 1`] = `
Object {
  "data": Object {
    "root": Object {
      "org": Object {
        "article_1": null,
        "article_2": "d'",
        "auditor": null,
        "enabling_instrument": "Department of Employment and Social Development Act, S.C. 2005, c. 34",
        "faa_schedule_institutional": null,
        "incorp_yr": null,
        "inst_form": null,
        "ministers": null,
        "ministry": null,
        "notes": null,
      },
      "org_with_auditor": Object {
        "auditor": "Auditor General of Canada",
      },
      "org_with_end_date": Object {
        "end_yr": "2014",
      },
      "org_with_faa_hr": Object {
        "faa_schedule_hr_status": null,
      },
      "org_with_fed_ownership": Object {
        "fed_ownership": "Pursuant to the Public Service Labour Relations and Employment Board Act, the Public Service Staffing Tribunal was merged with the Public Service Labour Relations Board into the Public Service Labour Relations and Employment Board, and pursuant to the Administrative Tribunals Support Service of Canada Act, the Public Service Labour Relations and Employment Board was amalgamated to the Administrative Tribunals Support Service of Canada, effective November 1, 2014.",
      },
      "org_with_notes": Object {
        "notes": "Bill C-38 (41/1), as passed by the House of Commons on June 29, 2012, dissolves the Agency by amending section 3 of the Assisted Human Reproduction Act to repeal the definition of Agency. P.C. decision 2012-1136 fixes September 30, 2012 as the day in which this amendment comes into force.",
      },
    },
  },
}
`;

exports[`program basic fields program basic fields 1`] = `
Object {
  "data": Object {
    "root": Object {
      "inactive_program": Object {
        "is_active": false,
      },
      "internal_service_program": Object {
        "is_internal_service": true,
      },
      "program": Object {
        "activity_code": "AAA00",
        "description": null,
        "id": "AGR-AAA00",
        "is_internal_service": false,
      },
    },
  },
}
`;

exports[`subject linkage crso root, up and down linkage 1`] = `
Object {
  "data": Object {
    "root": Object {
      "crso": null,
      "org": Object {
        "acronym": null,
        "crsos": Array [
          Object {
            "id": "HRSD-BGM00",
          },
          Object {
            "id": "HRSD-BGN00",
          },
          Object {
            "id": "HRSD-BGO00",
          },
          Object {
            "id": "HRSD-BGP00",
          },
          Object {
            "id": "HRSD-BGQ00",
          },
          Object {
            "id": "HRSD-ISS00",
          },
          Object {
            "id": "HRSD-SO00172",
          },
          Object {
            "id": "HRSD-SO00173",
          },
          Object {
            "id": "HRSD-SO00174",
          },
          Object {
            "id": "HRSD-SO00175",
          },
          Object {
            "id": "HRSD-SO00176",
          },
          Object {
            "id": "HRSD-SO00177",
          },
        ],
      },
      "program": Object {
        "crso": Object {
          "id": "HRSD-SO00172",
        },
      },
    },
  },
}
`;
