// Jest Snapshot v1, https://goo.gl/fbAQLP

exports[`services data All services and standards for org 1`] = `
Object {
  "data": Object {
    "root": Object {
      "org": Object {
        "services": Array [
          Object {
            "account_reg_digital_status": "ENABLED",
            "application_digital_status": "NA",
            "authentication_status": "ENABLED",
            "collects_fees": false,
            "decision_digital_status": "NA",
            "description": "Provide a list of the most recent public advisories for high-risk mitten recalls.",
            "digital_enablement_comment": "Clients can subscribe to the online notification service. This service does not include a decision interaction point.",
            "is_active": true,
            "issuance_digital_status": "ENABLED",
            "issue_res_digital_status": "ENABLED",
            "last_gender_analysis": null,
            "name": "Recall Notification – Mittens",
            "org_id": "326",
            "service_id": "1",
            "standards": Array [
              Object {
                "channel": "online",
                "count": 4225,
                "is_active": true,
                "is_target_met": true,
                "last_gcss_tool_year": "2018",
                "lower": 99.8,
                "met_count": 4225,
                "name": "Availability: 24 x 7 x 365, 99.8% of the time",
                "other_type_comment": null,
                "rtp_urls": Array [
                  "https://www.canada.ca/gcinfobase",
                ],
                "service_id": "1",
                "standard_id": "4",
                "standard_type": "access",
                "target_comment": null,
                "target_type": "BERNOULLI",
                "upper": 100,
                "urls": Array [
                  "https://www.canada.ca/gcinfobase",
                ],
              },
            ],
            "year": "2018",
          },
          Object {
            "account_reg_digital_status": "NOT_ENABLED",
            "application_digital_status": "NOT_ENABLED",
            "authentication_status": "NOT_ENABLED",
            "collects_fees": false,
            "decision_digital_status": "NOT_ENABLED",
            "description": "Provide regulated parties to request a review of a regulatory decision made by the Department of Mitten's staff.",
            "digital_enablement_comment": null,
            "is_active": true,
            "issuance_digital_status": "NOT_ENABLED",
            "issue_res_digital_status": "NOT_ENABLED",
            "last_gender_analysis": null,
            "name": "Regulatory Complaints – Mittens",
            "org_id": "326",
            "service_id": "2",
            "standards": Array [
              Object {
                "channel": "online",
                "count": 3543,
                "is_active": true,
                "is_target_met": true,
                "last_gcss_tool_year": "2018",
                "lower": 50,
                "met_count": 2000,
                "name": "The Mitten Contact Centre will normally provide an initial response to emails, online submissions and faxes within 3 business days.",
                "other_type_comment": null,
                "rtp_urls": Array [
                  "https://www.canada.ca/gcinfobase",
                ],
                "service_id": "2",
                "standard_id": "5",
                "standard_type": "timeliness",
                "target_comment": null,
                "target_type": "BERNOULLI",
                "upper": 100,
                "urls": Array [
                  "https://www.canada.ca/gcinfobase",
                ],
              },
            ],
            "year": "2018",
          },
          Object {
            "account_reg_digital_status": "ENABLED",
            "application_digital_status": "ENABLED",
            "authentication_status": "ENABLED",
            "collects_fees": true,
            "decision_digital_status": "ENABLED",
            "description": "The Canada Mitten Plan provides contributors and their families with partial replacement of mittens in the case of loss.",
            "digital_enablement_comment": null,
            "is_active": true,
            "issuance_digital_status": "ENABLED",
            "issue_res_digital_status": "NOT_ENABLED",
            "last_gender_analysis": null,
            "name": "Canada Mitten Plan (CMP) Regular Benefits",
            "org_id": "326",
            "service_id": "3",
            "standards": Array [
              Object {
                "channel": "online",
                "count": 123,
                "is_active": true,
                "is_target_met": true,
                "last_gcss_tool_year": "2018",
                "lower": 99.15,
                "met_count": 123,
                "name": "Our goal is for Canada Mitten Plan retirement benefits to be delivered before the first snowfall",
                "other_type_comment": null,
                "rtp_urls": Array [
                  "https://www.canada.ca/gcinfobase",
                ],
                "service_id": "3",
                "standard_id": "1",
                "standard_type": "timeliness",
                "target_comment": null,
                "target_type": "BERNOULLI",
                "upper": 100,
                "urls": Array [
                  "https://www.canada.ca/gcinfobase, https://www.canada.ca/infobasegc",
                ],
              },
              Object {
                "channel": "online",
                "count": 31,
                "is_active": true,
                "is_target_met": false,
                "last_gcss_tool_year": "2018",
                "lower": 90,
                "met_count": 18,
                "name": "Mitten systems online",
                "other_type_comment": null,
                "rtp_urls": Array [
                  "https://www.canada.ca/gcinfobase",
                ],
                "service_id": "3",
                "standard_id": "2",
                "standard_type": "access",
                "target_comment": "whoops",
                "target_type": "BERNOULLI",
                "upper": 100,
                "urls": Array [
                  "https://www.canada.ca/gcinfobase",
                ],
              },
            ],
            "year": "2018",
          },
          Object {
            "account_reg_digital_status": "ENABLED",
            "application_digital_status": "ENABLED",
            "authentication_status": "ENABLED",
            "collects_fees": false,
            "decision_digital_status": "ENABLED",
            "description": "Email enables individuals working for the Government of Canada to send and receive electronic mail messages and to manage a calendar, tasks, an address book and personal contacts.",
            "digital_enablement_comment": null,
            "is_active": true,
            "issuance_digital_status": "ENABLED",
            "issue_res_digital_status": "ENABLED",
            "last_gender_analysis": null,
            "name": "Mitten-mail",
            "org_id": "326",
            "service_id": "4",
            "standards": Array [
              Object {
                "channel": "online",
                "count": 9757,
                "is_active": true,
                "is_target_met": false,
                "last_gcss_tool_year": "2018",
                "lower": 90,
                "met_count": 0,
                "name": "90% of clients report that MittemMail met their needs",
                "other_type_comment": "Satisfaction",
                "rtp_urls": Array [
                  "https://www.canada.ca/gcinfobase",
                ],
                "service_id": "4",
                "standard_id": "3",
                "standard_type": "other",
                "target_comment": "better luck next time",
                "target_type": "BERNOULLI",
                "upper": 100,
                "urls": Array [
                  "https://www.canada.ca/gcinfobase",
                ],
              },
            ],
            "year": "2018",
          },
        ],
      },
    },
  },
}
`;
