// Jest Snapshot v1, https://goo.gl/fbAQLP

exports[`program vote-stat program vote-stat 1`] = `
Object {
  "data": Object {
    "root": Object {
      "program": Object {
        "name": "Business Risk Management",
        "vote_stat_data": Array [
          Object {
            "exp": 1239063436.84,
            "vs_type": "S",
            "year": "pa_last_year",
          },
          Object {
            "exp": 37856623.62,
            "vs_type": "V",
            "year": "pa_last_year",
          },
        ],
      },
    },
  },
}
`;

exports[`vote-stat vote-stat org test (public accounts + estimates) 1`] = `
Object {
  "data": Object {
    "root": Object {
      "org": Object {
        "estimates_vote_stat": Object {
          "data": Array [
            Object {
              "amount": 535624241,
              "doc": "ME",
              "name": "Operating and Program",
              "vote_num": "1",
              "vs_type": "1",
              "year": "est_in_year",
            },
            Object {
              "amount": 6175775,
              "doc": "SEA",
              "name": "Operating and Program",
              "vote_num": "1",
              "vs_type": "1",
              "year": "est_in_year",
            },
            Object {
              "amount": 1270503,
              "doc": "SEB",
              "name": "Operating and Program",
              "vote_num": "1",
              "vs_type": "1",
              "year": "est_in_year",
            },
            Object {
              "amount": -199000,
              "doc": "SEC",
              "name": "Operating and Program",
              "vote_num": "1",
              "vs_type": "1",
              "year": "est_in_year",
            },
            Object {
              "amount": 63584723,
              "doc": "VA",
              "name": "Operating and Program",
              "vote_num": "1",
              "vs_type": "1",
              "year": "est_in_year",
            },
            Object {
              "amount": 335932000,
              "doc": "ME",
              "name": "Grants & Contributions",
              "vote_num": "10",
              "vs_type": "3",
              "year": "est_in_year",
            },
            Object {
              "amount": 39950000,
              "doc": "SEA",
              "name": "Grants & Contributions",
              "vote_num": "10",
              "vs_type": "3",
              "year": "est_in_year",
            },
            Object {
              "amount": 18875983,
              "doc": "SEB",
              "name": "Grants & Contributions",
              "vote_num": "10",
              "vs_type": "3",
              "year": "est_in_year",
            },
            Object {
              "amount": 1,
              "doc": "SEC",
              "name": "Grants & Contributions",
              "vote_num": "10",
              "vs_type": "3",
              "year": "est_in_year",
            },
            Object {
              "amount": 74339571,
              "doc": "ME",
              "name": "Capital",
              "vote_num": "5",
              "vs_type": "2",
              "year": "est_in_year",
            },
            Object {
              "amount": 650000,
              "doc": "SEA",
              "name": "Capital",
              "vote_num": "5",
              "vs_type": "2",
              "year": "est_in_year",
            },
            Object {
              "amount": 2827000,
              "doc": "SEB",
              "name": "Capital",
              "vote_num": "5",
              "vs_type": "2",
              "year": "est_in_year",
            },
            Object {
              "amount": 2319622,
              "doc": "SEC",
              "name": "Capital",
              "vote_num": "5",
              "vs_type": "2",
              "year": "est_in_year",
            },
            Object {
              "amount": 640800000,
              "doc": "ME",
              "name": "Contribution payments for the AgriInsurance program",
              "vote_num": "S",
              "vs_type": "0",
              "year": "est_in_year",
            },
            Object {
              "amount": 62779138,
              "doc": "ME",
              "name": "Contributions to employee benefit plans",
              "vote_num": "S",
              "vs_type": "0",
              "year": "est_in_year",
            },
            Object {
              "amount": 669900,
              "doc": "SEA",
              "name": "Contributions to employee benefit plans",
              "vote_num": "S",
              "vs_type": "0",
              "year": "est_in_year",
            },
            Object {
              "amount": 143700000,
              "doc": "ME",
              "name": "Grant and Contribution Payments for the AgriInvest Program",
              "vote_num": "S",
              "vs_type": "0",
              "year": "est_in_year",
            },
            Object {
              "amount": 260300000,
              "doc": "ME",
              "name": "Grant and Contribution Payments for the AgriStability Program",
              "vote_num": "S",
              "vs_type": "0",
              "year": "est_in_year",
            },
            Object {
              "amount": 118513335,
              "doc": "ME",
              "name": "Grant and Contribution payments for the Agricultural Disaster Relief program and AgriRecovery",
              "vote_num": "S",
              "vs_type": "0",
              "year": "est_in_year",
            },
            Object {
              "amount": 100000,
              "doc": "ME",
              "name": "Grants to agencies established under the Farm Products Agencies Act",
              "vote_num": "S",
              "vs_type": "0",
              "year": "est_in_year",
            },
            Object {
              "amount": 13111013,
              "doc": "ME",
              "name": "Loan guarantees under the Canadian Agricultural Loans Act",
              "vote_num": "S",
              "vs_type": "0",
              "year": "est_in_year",
            },
            Object {
              "amount": 65900000,
              "doc": "ME",
              "name": "Payments in connection with the Agricultural Marketing Programs Act (S.C., 1997, c. C-34)",
              "vote_num": "S",
              "vs_type": "0",
              "year": "est_in_year",
            },
            Object {
              "amount": 84400,
              "doc": "ME",
              "name": "Salary and Motor Car Allowance",
              "vote_num": "S",
              "vs_type": "0",
              "year": "est_in_year",
            },
          ],
          "info": Object {
            "yearly_totals": Array [
              Object {
                "amount": 2113152417,
                "year": "est_last_year_3",
              },
              Object {
                "amount": 2040884675,
                "year": "est_last_year_2",
              },
              Object {
                "amount": 2703946959,
                "year": "est_last_year",
              },
              Object {
                "amount": 2387308205,
                "year": "est_in_year",
              },
            ],
          },
        },
        "name": "Agriculture and Agri-Food Canada",
        "pa_vote_stat": Object {
          "data": Array [
            Object {
              "auth": 913242023,
              "exp": 889616909,
              "name": "Operating/Program",
              "vote_num": "1",
              "vs_type": "1",
              "year": "pa_last_year",
            },
            Object {
              "auth": 97479066,
              "exp": 91107007,
              "name": "Capital",
              "vote_num": "5",
              "vs_type": "2",
              "year": "pa_last_year",
            },
            Object {
              "auth": 373326850,
              "exp": 336496052,
              "name": "Grants & Contributions",
              "vote_num": "10",
              "vs_type": "3",
              "year": "pa_last_year",
            },
            Object {
              "auth": 10518581,
              "exp": -1046008,
              "name": "Canadian Pari-Mutuel Agency Revolving Fund",
              "vote_num": "S",
              "vs_type": "999",
              "year": "pa_last_year",
            },
            Object {
              "auth": -20954,
              "exp": -20954,
              "name": "Class grant payments for the Farm Income program",
              "vote_num": "S",
              "vs_type": "999",
              "year": "pa_last_year",
            },
            Object {
              "auth": -5278,
              "exp": -5278,
              "name": "Class grant payments for the Transitional Industry Support program",
              "vote_num": "S",
              "vs_type": "999",
              "year": "pa_last_year",
            },
            Object {
              "auth": 701496004,
              "exp": 701496004,
              "name": "Contribution payments for the AgriInsurance program",
              "vote_num": "S",
              "vs_type": "999",
              "year": "pa_last_year",
            },
            Object {
              "auth": -136027,
              "exp": -136027,
              "name": "Contribution payments for the Canadian Agricultural Income Stabilization program Inventory Transition Initiative",
              "vote_num": "S",
              "vs_type": "999",
              "year": "pa_last_year",
            },
            Object {
              "auth": -353075,
              "exp": -353075,
              "name": "Contributions for agricultural risk management - Enhanced Spring Credit Advance program Business Risk Management",
              "vote_num": "S",
              "vs_type": "999",
              "year": "pa_last_year",
            },
            Object {
              "auth": -24954,
              "exp": -24954,
              "name": "Contributions for the transitional industry support program",
              "vote_num": "S",
              "vs_type": "999",
              "year": "pa_last_year",
            },
            Object {
              "auth": -20782068,
              "exp": -20782068,
              "name": "Contributions in support of the Assistance to the Pork Industry Initiative",
              "vote_num": "S",
              "vs_type": "999",
              "year": "pa_last_year",
            },
            Object {
              "auth": -17844,
              "exp": -17844,
              "name": "Contributions to a transition to future risk management programming",
              "vote_num": "S",
              "vs_type": "999",
              "year": "pa_last_year",
            },
            Object {
              "auth": 57275602,
              "exp": 57275602,
              "name": "Contributions to employee benefit plans",
              "vote_num": "S",
              "vs_type": "999",
              "year": "pa_last_year",
            },
            Object {
              "auth": 177265228,
              "exp": 177265228,
              "name": "Grant and Contribution Payments for the AgriInvest Program",
              "vote_num": "S",
              "vs_type": "999",
              "year": "pa_last_year",
            },
            Object {
              "auth": 346900856,
              "exp": 346900856,
              "name": "Grant and Contribution Payments for the AgriStability Program",
              "vote_num": "S",
              "vs_type": "999",
              "year": "pa_last_year",
            },
            Object {
              "auth": 6923281,
              "exp": 6923281,
              "name": "Grant and Contribution payments for the Agricultural Disaster Relief program and AgriRecovery",
              "vote_num": "S",
              "vs_type": "999",
              "year": "pa_last_year",
            },
            Object {
              "auth": -83929,
              "exp": -83929,
              "name": "Grant payments for the AgriInvest Kickstart program",
              "vote_num": "S",
              "vs_type": "999",
              "year": "pa_last_year",
            },
            Object {
              "auth": -84398,
              "exp": -84398,
              "name": "Grant payments for the Canadian Agricultural Income Stabilization program Inventory Transition Initiative",
              "vote_num": "S",
              "vs_type": "999",
              "year": "pa_last_year",
            },
            Object {
              "auth": -23540,
              "exp": -23540,
              "name": "Grants in support of the Cost of Production Benefit",
              "vote_num": "S",
              "vs_type": "999",
              "year": "pa_last_year",
            },
            Object {
              "auth": -35345,
              "exp": -35345,
              "name": "Grants in support of the Grain and Oilseed Payment program",
              "vote_num": "S",
              "vs_type": "999",
              "year": "pa_last_year",
            },
            Object {
              "auth": 600000,
              "exp": 0,
              "name": "Grants to agencies established under the Farm Products Agencies Act",
              "vote_num": "S",
              "vs_type": "999",
              "year": "pa_last_year",
            },
            Object {
              "auth": 611840,
              "exp": 611840,
              "name": "Loan guarantees under the Canadian Agricultural Loans Act",
              "vote_num": "S",
              "vs_type": "999",
              "year": "pa_last_year",
            },
            Object {
              "auth": 25670879,
              "exp": 25670879,
              "name": "Payments in connection with the Agricultural Marketing Programs Act (S.C., 1997, c. C-34)",
              "vote_num": "S",
              "vs_type": "999",
              "year": "pa_last_year",
            },
            Object {
              "auth": 2846,
              "exp": 2846,
              "name": "Refunds of amounts credited to revenues in previous years",
              "vote_num": "S",
              "vs_type": "999",
              "year": "pa_last_year",
            },
            Object {
              "auth": 83500,
              "exp": 83500,
              "name": "Salary and Motor Car Allowance",
              "vote_num": "S",
              "vs_type": "999",
              "year": "pa_last_year",
            },
            Object {
              "auth": 14117815,
              "exp": 4073766,
              "name": "Spending of proceeds from the disposal of surplus Crown assets",
              "vote_num": "S",
              "vs_type": "999",
              "year": "pa_last_year",
            },
          ],
          "info": Object {
            "yearly_totals": Array [
              Object {
                "auth": 2884155827,
                "exp": 2681559075,
                "year": "pa_last_year_5",
              },
              Object {
                "auth": 2556585385,
                "exp": 2386898330,
                "year": "pa_last_year_4",
              },
              Object {
                "auth": 2113152417,
                "exp": 2013991368,
                "year": "pa_last_year_3",
              },
              Object {
                "auth": 2040884675,
                "exp": 1928409592,
                "year": "pa_last_year_2",
              },
              Object {
                "auth": 2703946959,
                "exp": 2614910350,
                "year": "pa_last_year",
              },
            ],
          },
        },
      },
    },
  },
}
`;
