// Jest Snapshot v1, https://goo.gl/fbAQLP

exports[`transfer payments org-level transfer payments 1`] = `
Object {
  "data": Object {
    "root": Object {
      "org": Object {
        "transfer_payments_data": Object {
          "collapsed": Array [
            Object {
              "auth": 1574652034,
              "exp": 1469863991,
              "type": "c",
              "year": "pa_last_year_5",
            },
            Object {
              "auth": 1301123940,
              "exp": 1299139545,
              "type": "c",
              "year": "pa_last_year_4",
            },
            Object {
              "auth": 1186332721,
              "exp": 1128323199,
              "type": "c",
              "year": "pa_last_year_3",
            },
            Object {
              "auth": 1120966383,
              "exp": 1070531781,
              "type": "c",
              "year": "pa_last_year_2",
            },
            Object {
              "auth": 1415445500,
              "exp": 1383218227,
              "type": "c",
              "year": "pa_last_year",
            },
            Object {
              "auth": 445703642,
              "exp": 430668071,
              "type": "g",
              "year": "pa_last_year_5",
            },
            Object {
              "auth": 274426019,
              "exp": 274172019,
              "type": "g",
              "year": "pa_last_year_4",
            },
            Object {
              "auth": 223462299,
              "exp": 218023407,
              "type": "g",
              "year": "pa_last_year_3",
            },
            Object {
              "auth": 202690335,
              "exp": 199376383,
              "type": "g",
              "year": "pa_last_year_2",
            },
            Object {
              "auth": 195782026,
              "exp": 190578501,
              "type": "g",
              "year": "pa_last_year",
            },
          ],
          "data": Array [
            Object {
              "auth": 0,
              "exp": 0,
              "name": "(S) Class contribution payments for the Transitional Industry Support program",
              "type": "c",
              "year": "pa_last_year_5",
            },
            Object {
              "auth": 0,
              "exp": 0,
              "name": "(S) Class contribution payments for the Transitional Industry Support program",
              "type": "c",
              "year": "pa_last_year_4",
            },
            Object {
              "auth": -1485,
              "exp": -1485,
              "name": "(S) Class contribution payments for the Transitional Industry Support program",
              "type": "c",
              "year": "pa_last_year_3",
            },
            Object {
              "auth": 0,
              "exp": 0,
              "name": "(S) Class contribution payments for the Transitional Industry Support program",
              "type": "c",
              "year": "pa_last_year_2",
            },
            Object {
              "auth": -24954,
              "exp": -24954,
              "name": "(S) Class contribution payments for the Transitional Industry Support program",
              "type": "c",
              "year": "pa_last_year",
            },
            Object {
              "auth": 13636085,
              "exp": 13636085,
              "name": "(S) Contribution payments for the Agricultural Disaster Relief program/AgriRecovery",
              "type": "c",
              "year": "pa_last_year_5",
            },
            Object {
              "auth": -4850106,
              "exp": -4850106,
              "name": "(S) Contribution payments for the Agricultural Disaster Relief program/AgriRecovery",
              "type": "c",
              "year": "pa_last_year_4",
            },
            Object {
              "auth": 3361069,
              "exp": 3361069,
              "name": "(S) Contribution payments for the Agricultural Disaster Relief program/AgriRecovery",
              "type": "c",
              "year": "pa_last_year_3",
            },
            Object {
              "auth": 96568,
              "exp": 96568,
              "name": "(S) Contribution payments for the Agricultural Disaster Relief program/AgriRecovery",
              "type": "c",
              "year": "pa_last_year_2",
            },
            Object {
              "auth": 6923281,
              "exp": 6923281,
              "name": "(S) Contribution payments for the Agricultural Disaster Relief program/AgriRecovery",
              "type": "c",
              "year": "pa_last_year",
            },
            Object {
              "auth": 677986995,
              "exp": 677986995,
              "name": "(S) Contribution payments for the AgriInsurance program",
              "type": "c",
              "year": "pa_last_year_5",
            },
            Object {
              "auth": 750830429,
              "exp": 750830429,
              "name": "(S) Contribution payments for the AgriInsurance program",
              "type": "c",
              "year": "pa_last_year_4",
            },
            Object {
              "auth": 610882404,
              "exp": 610882404,
              "name": "(S) Contribution payments for the AgriInsurance program",
              "type": "c",
              "year": "pa_last_year_3",
            },
            Object {
              "auth": 604148826,
              "exp": 604148826,
              "name": "(S) Contribution payments for the AgriInsurance program",
              "type": "c",
              "year": "pa_last_year_2",
            },
            Object {
              "auth": 701496004,
              "exp": 701496004,
              "name": "(S) Contribution payments for the AgriInsurance program",
              "type": "c",
              "year": "pa_last_year",
            },
            Object {
              "auth": -118030,
              "exp": -118030,
              "name": "(S) Contribution payments for the AgriInvest Kickstart program",
              "type": "c",
              "year": "pa_last_year_5",
            },
            Object {
              "auth": 0,
              "exp": 0,
              "name": "(S) Contribution payments for the AgriInvest Kickstart program",
              "type": "c",
              "year": "pa_last_year_4",
            },
            Object {
              "auth": -5563,
              "exp": -5563,
              "name": "(S) Contribution payments for the AgriInvest Kickstart program",
              "type": "c",
              "year": "pa_last_year_3",
            },
            Object {
              "auth": 0,
              "exp": 0,
              "name": "(S) Contribution payments for the AgriInvest Kickstart program",
              "type": "c",
              "year": "pa_last_year_2",
            },
            Object {
              "auth": 0,
              "exp": 0,
              "name": "(S) Contribution payments for the AgriInvest Kickstart program",
              "type": "c",
              "year": "pa_last_year",
            },
            Object {
              "auth": 28625258,
              "exp": 28625258,
              "name": "(S) Contribution payments for the AgriInvest program",
              "type": "c",
              "year": "pa_last_year_5",
            },
            Object {
              "auth": 24875798,
              "exp": 24875798,
              "name": "(S) Contribution payments for the AgriInvest program",
              "type": "c",
              "year": "pa_last_year_4",
            },
            Object {
              "auth": 22675845,
              "exp": 22675845,
              "name": "(S) Contribution payments for the AgriInvest program",
              "type": "c",
              "year": "pa_last_year_3",
            },
            Object {
              "auth": 17915115,
              "exp": 17915115,
              "name": "(S) Contribution payments for the AgriInvest program",
              "type": "c",
              "year": "pa_last_year_2",
            },
            Object {
              "auth": 24986173,
              "exp": 24986173,
              "name": "(S) Contribution payments for the AgriInvest program",
              "type": "c",
              "year": "pa_last_year",
            },
            Object {
              "auth": 354579880,
              "exp": 354579880,
              "name": "(S) Contribution payments for the AgriStability program",
              "type": "c",
              "year": "pa_last_year_5",
            },
            Object {
              "auth": 166509281,
              "exp": 166509281,
              "name": "(S) Contribution payments for the AgriStability program",
              "type": "c",
              "year": "pa_last_year_4",
            },
            Object {
              "auth": 162677773,
              "exp": 162677773,
              "name": "(S) Contribution payments for the AgriStability program",
              "type": "c",
              "year": "pa_last_year_3",
            },
            Object {
              "auth": 156496870,
              "exp": 156496870,
              "name": "(S) Contribution payments for the AgriStability program",
              "type": "c",
              "year": "pa_last_year_2",
            },
            Object {
              "auth": 311527441,
              "exp": 311527441,
              "name": "(S) Contribution payments for the AgriStability program",
              "type": "c",
              "year": "pa_last_year",
            },
            Object {
              "auth": -1255802,
              "exp": -1255802,
              "name": "(S) Contribution payments for the Canadian Agricultural Income Stabilization program Inventory Transition Initiative",
              "type": "c",
              "year": "pa_last_year_5",
            },
            Object {
              "auth": -436178,
              "exp": -436178,
              "name": "(S) Contribution payments for the Canadian Agricultural Income Stabilization program Inventory Transition Initiative",
              "type": "c",
              "year": "pa_last_year_4",
            },
            Object {
              "auth": -1010915,
              "exp": -1010915,
              "name": "(S) Contribution payments for the Canadian Agricultural Income Stabilization program Inventory Transition Initiative",
              "type": "c",
              "year": "pa_last_year_3",
            },
            Object {
              "auth": -389586,
              "exp": -389586,
              "name": "(S) Contribution payments for the Canadian Agricultural Income Stabilization program Inventory Transition Initiative",
              "type": "c",
              "year": "pa_last_year_2",
            },
            Object {
              "auth": -136027,
              "exp": -136027,
              "name": "(S) Contribution payments for the Canadian Agricultural Income Stabilization program Inventory Transition Initiative",
              "type": "c",
              "year": "pa_last_year",
            },
            Object {
              "auth": 0,
              "exp": 0,
              "name": "(S) Contributions in support of the Assistance to the Pork Industry Initiative",
              "type": "c",
              "year": "pa_last_year_5",
            },
            Object {
              "auth": -3685687,
              "exp": -3685687,
              "name": "(S) Contributions in support of the Assistance to the Pork Industry Initiative",
              "type": "c",
              "year": "pa_last_year_4",
            },
            Object {
              "auth": -8620021,
              "exp": -8620021,
              "name": "(S) Contributions in support of the Assistance to the Pork Industry Initiative",
              "type": "c",
              "year": "pa_last_year_3",
            },
            Object {
              "auth": -53754367,
              "exp": -53754367,
              "name": "(S) Contributions in support of the Assistance to the Pork Industry Initiative",
              "type": "c",
              "year": "pa_last_year_2",
            },
            Object {
              "auth": -20782068,
              "exp": -20782068,
              "name": "(S) Contributions in support of the Assistance to the Pork Industry Initiative",
              "type": "c",
              "year": "pa_last_year",
            },
            Object {
              "auth": 204107,
              "exp": 204107,
              "name": "(S) Loan guarantees under the Canadian Agricultural Loans Act",
              "type": "c",
              "year": "pa_last_year_5",
            },
            Object {
              "auth": -12829,
              "exp": -12829,
              "name": "(S) Loan guarantees under the Canadian Agricultural Loans Act",
              "type": "c",
              "year": "pa_last_year_4",
            },
            Object {
              "auth": 35997,
              "exp": 35997,
              "name": "(S) Loan guarantees under the Canadian Agricultural Loans Act",
              "type": "c",
              "year": "pa_last_year_3",
            },
            Object {
              "auth": 98732,
              "exp": 98732,
              "name": "(S) Loan guarantees under the Canadian Agricultural Loans Act",
              "type": "c",
              "year": "pa_last_year_2",
            },
            Object {
              "auth": 611840,
              "exp": 611840,
              "name": "(S) Loan guarantees under the Canadian Agricultural Loans Act",
              "type": "c",
              "year": "pa_last_year",
            },
            Object {
              "auth": 62606580,
              "exp": 62606580,
              "name": "(S) Payments in connection with the Agricultural Marketing Programs Act",
              "type": "c",
              "year": "pa_last_year_5",
            },
            Object {
              "auth": 79080584,
              "exp": 79080584,
              "name": "(S) Payments in connection with the Agricultural Marketing Programs Act",
              "type": "c",
              "year": "pa_last_year_4",
            },
            Object {
              "auth": 25996218,
              "exp": 25996218,
              "name": "(S) Payments in connection with the Agricultural Marketing Programs Act",
              "type": "c",
              "year": "pa_last_year_3",
            },
            Object {
              "auth": 22157715,
              "exp": 22157715,
              "name": "(S) Payments in connection with the Agricultural Marketing Programs Act",
              "type": "c",
              "year": "pa_last_year_2",
            },
            Object {
              "auth": 25670879,
              "exp": 25670879,
              "name": "(S) Payments in connection with the Agricultural Marketing Programs Act",
              "type": "c",
              "year": "pa_last_year",
            },
            Object {
              "auth": 0,
              "exp": 0,
              "name": "Contribution payments for the AgriCompetitiveness program under Growing Forward 2",
              "type": "c",
              "year": "pa_last_year_5",
            },
            Object {
              "auth": 2504064,
              "exp": 2504064,
              "name": "Contribution payments for the AgriCompetitiveness program under Growing Forward 2",
              "type": "c",
              "year": "pa_last_year_4",
            },
            Object {
              "auth": 2827000,
              "exp": 2668742,
              "name": "Contribution payments for the AgriCompetitiveness program under Growing Forward 2",
              "type": "c",
              "year": "pa_last_year_3",
            },
            Object {
              "auth": 3127000,
              "exp": 2858375,
              "name": "Contribution payments for the AgriCompetitiveness program under Growing Forward 2",
              "type": "c",
              "year": "pa_last_year_2",
            },
            Object {
              "auth": 3275341,
              "exp": 3270605,
              "name": "Contribution payments for the AgriCompetitiveness program under Growing Forward 2",
              "type": "c",
              "year": "pa_last_year",
            },
            Object {
              "auth": 29472848,
              "exp": 21353883,
              "name": "Contribution payments for the AgriInnovation program under Growing Forward 2",
              "type": "c",
              "year": "pa_last_year_5",
            },
            Object {
              "auth": 38703245,
              "exp": 38703245,
              "name": "Contribution payments for the AgriInnovation program under Growing Forward 2",
              "type": "c",
              "year": "pa_last_year_4",
            },
            Object {
              "auth": 69122591,
              "exp": 63105754,
              "name": "Contribution payments for the AgriInnovation program under Growing Forward 2",
              "type": "c",
              "year": "pa_last_year_3",
            },
            Object {
              "auth": 66141619,
              "exp": 62908011,
              "name": "Contribution payments for the AgriInnovation program under Growing Forward 2",
              "type": "c",
              "year": "pa_last_year_2",
            },
            Object {
              "auth": 63476500,
              "exp": 61656052,
              "name": "Contribution payments for the AgriInnovation program under Growing Forward 2",
              "type": "c",
              "year": "pa_last_year",
            },
            Object {
              "auth": 0,
              "exp": 0,
              "name": "Contribution payments for the AgriMarketing program under Growing Forward 2",
              "type": "c",
              "year": "pa_last_year_5",
            },
            Object {
              "auth": 20464938,
              "exp": 20464938,
              "name": "Contribution payments for the AgriMarketing program under Growing Forward 2",
              "type": "c",
              "year": "pa_last_year_4",
            },
            Object {
              "auth": 27300000,
              "exp": 24308985,
              "name": "Contribution payments for the AgriMarketing program under Growing Forward 2",
              "type": "c",
              "year": "pa_last_year_3",
            },
            Object {
              "auth": 35568200,
              "exp": 28867797,
              "name": "Contribution payments for the AgriMarketing program under Growing Forward 2",
              "type": "c",
              "year": "pa_last_year_2",
            },
            Object {
              "auth": 39351659,
              "exp": 34250294,
              "name": "Contribution payments for the AgriMarketing program under Growing Forward 2",
              "type": "c",
              "year": "pa_last_year",
            },
            Object {
              "auth": 1500000,
              "exp": 800000,
              "name": "Contribution payments for the Canadian Wheat Board Transition Costs program",
              "type": "c",
              "year": "pa_last_year_5",
            },
            Object {
              "auth": 1436882,
              "exp": 1436882,
              "name": "Contribution payments for the Canadian Wheat Board Transition Costs program",
              "type": "c",
              "year": "pa_last_year_4",
            },
            Object {
              "auth": 1600000,
              "exp": 1455792,
              "name": "Contribution payments for the Canadian Wheat Board Transition Costs program",
              "type": "c",
              "year": "pa_last_year_3",
            },
            Object {
              "auth": 1700000,
              "exp": 0,
              "name": "Contribution payments for the Canadian Wheat Board Transition Costs program",
              "type": "c",
              "year": "pa_last_year_2",
            },
            Object {
              "auth": 0,
              "exp": 0,
              "name": "Contribution payments for the Canadian Wheat Board Transition Costs program",
              "type": "c",
              "year": "pa_last_year",
            },
            Object {
              "auth": 0,
              "exp": 0,
              "name": "Contributions for Cost-Shared Strategic Initiatives programming in Adaptability and Industry Capacity under Growing Forward 2",
              "type": "c",
              "year": "pa_last_year_5",
            },
            Object {
              "auth": 23286085,
              "exp": 23286085,
              "name": "Contributions for Cost-Shared Strategic Initiatives programming in Adaptability and Industry Capacity under Growing Forward 2",
              "type": "c",
              "year": "pa_last_year_4",
            },
            Object {
              "auth": 31863064,
              "exp": 30038615,
              "name": "Contributions for Cost-Shared Strategic Initiatives programming in Adaptability and Industry Capacity under Growing Forward 2",
              "type": "c",
              "year": "pa_last_year_3",
            },
            Object {
              "auth": 31557519,
              "exp": 28955199,
              "name": "Contributions for Cost-Shared Strategic Initiatives programming in Adaptability and Industry Capacity under Growing Forward 2",
              "type": "c",
              "year": "pa_last_year_2",
            },
            Object {
              "auth": 27755585,
              "exp": 27163776,
              "name": "Contributions for Cost-Shared Strategic Initiatives programming in Adaptability and Industry Capacity under Growing Forward 2",
              "type": "c",
              "year": "pa_last_year",
            },
            Object {
              "auth": 0,
              "exp": 0,
              "name": "Contributions for Cost-Shared Strategic Initiatives programming in Competitiveness and Market Development under Growing Forward 2",
              "type": "c",
              "year": "pa_last_year_5",
            },
            Object {
              "auth": 64535129,
              "exp": 64535129,
              "name": "Contributions for Cost-Shared Strategic Initiatives programming in Competitiveness and Market Development under Growing Forward 2",
              "type": "c",
              "year": "pa_last_year_4",
            },
            Object {
              "auth": 107807836,
              "exp": 88267210,
              "name": "Contributions for Cost-Shared Strategic Initiatives programming in Competitiveness and Market Development under Growing Forward 2",
              "type": "c",
              "year": "pa_last_year_3",
            },
            Object {
              "auth": 93703322,
              "exp": 78772226,
              "name": "Contributions for Cost-Shared Strategic Initiatives programming in Competitiveness and Market Development under Growing Forward 2",
              "type": "c",
              "year": "pa_last_year_2",
            },
            Object {
              "auth": 103633511,
              "exp": 91792901,
              "name": "Contributions for Cost-Shared Strategic Initiatives programming in Competitiveness and Market Development under Growing Forward 2",
              "type": "c",
              "year": "pa_last_year",
            },
            Object {
              "auth": 0,
              "exp": 0,
              "name": "Contributions for Cost-Shared Strategic Initiatives programming in Innovation under Growing Forward 2",
              "type": "c",
              "year": "pa_last_year_5",
            },
            Object {
              "auth": 76396764,
              "exp": 76396764,
              "name": "Contributions for Cost-Shared Strategic Initiatives programming in Innovation under Growing Forward 2",
              "type": "c",
              "year": "pa_last_year_4",
            },
            Object {
              "auth": 105703531,
              "exp": 91546837,
              "name": "Contributions for Cost-Shared Strategic Initiatives programming in Innovation under Growing Forward 2",
              "type": "c",
              "year": "pa_last_year_3",
            },
            Object {
              "auth": 115072728,
              "exp": 110033641,
              "name": "Contributions for Cost-Shared Strategic Initiatives programming in Innovation under Growing Forward 2",
              "type": "c",
              "year": "pa_last_year_2",
            },
            Object {
              "auth": 101865754,
              "exp": 100523555,
              "name": "Contributions for Cost-Shared Strategic Initiatives programming in Innovation under Growing Forward 2",
              "type": "c",
              "year": "pa_last_year",
            },
            Object {
              "auth": 0,
              "exp": 0,
              "name": "Contributions for the AgriRisk Initiatives program",
              "type": "c",
              "year": "pa_last_year_5",
            },
            Object {
              "auth": 2246393,
              "exp": 2246393,
              "name": "Contributions for the AgriRisk Initiatives program",
              "type": "c",
              "year": "pa_last_year_4",
            },
            Object {
              "auth": 6400000,
              "exp": 4018823,
              "name": "Contributions for the AgriRisk Initiatives program",
              "type": "c",
              "year": "pa_last_year_3",
            },
            Object {
              "auth": 11400000,
              "exp": 5270710,
              "name": "Contributions for the AgriRisk Initiatives program",
              "type": "c",
              "year": "pa_last_year_2",
            },
            Object {
              "auth": 15200000,
              "exp": 8284065,
              "name": "Contributions for the AgriRisk Initiatives program",
              "type": "c",
              "year": "pa_last_year",
            },
            Object {
              "auth": 5382000,
              "exp": 5321592,
              "name": "Contributions in support of the Agricultural Greenhouse Gases program",
              "type": "c",
              "year": "pa_last_year_5",
            },
            Object {
              "auth": 4808261,
              "exp": 4808261,
              "name": "Contributions in support of the Agricultural Greenhouse Gases program",
              "type": "c",
              "year": "pa_last_year_4",
            },
            Object {
              "auth": 5382000,
              "exp": 4431565,
              "name": "Contributions in support of the Agricultural Greenhouse Gases program",
              "type": "c",
              "year": "pa_last_year_3",
            },
            Object {
              "auth": 5382000,
              "exp": 3008614,
              "name": "Contributions in support of the Agricultural Greenhouse Gases program",
              "type": "c",
              "year": "pa_last_year_2",
            },
            Object {
              "auth": 2360500,
              "exp": 1857891,
              "name": "Contributions in support of the Agricultural Greenhouse Gases program",
              "type": "c",
              "year": "pa_last_year",
            },
            Object {
              "auth": 27361000,
              "exp": 27361000,
              "name": "Contributions to support the Canadian Agricultural Adaptation program",
              "type": "c",
              "year": "pa_last_year_5",
            },
            Object {
              "auth": 15512708,
              "exp": 15512708,
              "name": "Contributions to support the Canadian Agricultural Adaptation program",
              "type": "c",
              "year": "pa_last_year_4",
            },
            Object {
              "auth": 10061000,
              "exp": 1742371,
              "name": "Contributions to support the Canadian Agricultural Adaptation program",
              "type": "c",
              "year": "pa_last_year_3",
            },
            Object {
              "auth": 10061000,
              "exp": 2667292,
              "name": "Contributions to support the Canadian Agricultural Adaptation program",
              "type": "c",
              "year": "pa_last_year_2",
            },
            Object {
              "auth": 6061000,
              "exp": 2182027,
              "name": "Contributions to support the Canadian Agricultural Adaptation program",
              "type": "c",
              "year": "pa_last_year",
            },
            Object {
              "auth": 0,
              "exp": 0,
              "name": "(S) Grants in support of the Cull Breeding Swine program",
              "type": "g",
              "year": "pa_last_year_5",
            },
            Object {
              "auth": 0,
              "exp": 0,
              "name": "(S) Grants in support of the Cull Breeding Swine program",
              "type": "g",
              "year": "pa_last_year_4",
            },
            Object {
              "auth": -1334323,
              "exp": -1334323,
              "name": "(S) Grants in support of the Cull Breeding Swine program",
              "type": "g",
              "year": "pa_last_year_3",
            },
            Object {
              "auth": 0,
              "exp": 0,
              "name": "(S) Grants in support of the Cull Breeding Swine program",
              "type": "g",
              "year": "pa_last_year_2",
            },
            Object {
              "auth": 0,
              "exp": 0,
              "name": "(S) Grants in support of the Cull Breeding Swine program",
              "type": "g",
              "year": "pa_last_year",
            },
            Object {
              "auth": -558164,
              "exp": -558164,
              "name": "(S) Grant payments for the Canadian Agricultural Income Stabilization program Inventory Transition Initiative",
              "type": "g",
              "year": "pa_last_year_5",
            },
            Object {
              "auth": -163039,
              "exp": -163039,
              "name": "(S) Grant payments for the Canadian Agricultural Income Stabilization program Inventory Transition Initiative",
              "type": "g",
              "year": "pa_last_year_4",
            },
            Object {
              "auth": -312775,
              "exp": -312775,
              "name": "(S) Grant payments for the Canadian Agricultural Income Stabilization program Inventory Transition Initiative",
              "type": "g",
              "year": "pa_last_year_3",
            },
            Object {
              "auth": -67376,
              "exp": -67376,
              "name": "(S) Grant payments for the Canadian Agricultural Income Stabilization program Inventory Transition Initiative",
              "type": "g",
              "year": "pa_last_year_2",
            },
            Object {
              "auth": -84398,
              "exp": -84398,
              "name": "(S) Grant payments for the Canadian Agricultural Income Stabilization program Inventory Transition Initiative",
              "type": "g",
              "year": "pa_last_year",
            },
            Object {
              "auth": -53570,
              "exp": -53570,
              "name": "(S) Grants in support of the Cost of Production Benefit",
              "type": "g",
              "year": "pa_last_year_5",
            },
            Object {
              "auth": -6634,
              "exp": -6634,
              "name": "(S) Grants in support of the Cost of Production Benefit",
              "type": "g",
              "year": "pa_last_year_4",
            },
            Object {
              "auth": -134510,
              "exp": -134510,
              "name": "(S) Grants in support of the Cost of Production Benefit",
              "type": "g",
              "year": "pa_last_year_3",
            },
            Object {
              "auth": -1929,
              "exp": -1929,
              "name": "(S) Grants in support of the Cost of Production Benefit",
              "type": "g",
              "year": "pa_last_year_2",
            },
            Object {
              "auth": -23540,
              "exp": -23540,
              "name": "(S) Grants in support of the Cost of Production Benefit",
              "type": "g",
              "year": "pa_last_year",
            },
            Object {
              "auth": -15213,
              "exp": -15213,
              "name": "(S) Class grant payments for the Farm Income program",
              "type": "g",
              "year": "pa_last_year_5",
            },
            Object {
              "auth": -2859,
              "exp": -2859,
              "name": "(S) Class grant payments for the Farm Income program",
              "type": "g",
              "year": "pa_last_year_4",
            },
            Object {
              "auth": -119871,
              "exp": -119871,
              "name": "(S) Class grant payments for the Farm Income program",
              "type": "g",
              "year": "pa_last_year_3",
            },
            Object {
              "auth": -95,
              "exp": -95,
              "name": "(S) Class grant payments for the Farm Income program",
              "type": "g",
              "year": "pa_last_year_2",
            },
            Object {
              "auth": -20954,
              "exp": -20954,
              "name": "(S) Class grant payments for the Farm Income program",
              "type": "g",
              "year": "pa_last_year",
            },
            Object {
              "auth": -8766,
              "exp": -8766,
              "name": "(S) Grant payments for the AgriInvest Kickstart program",
              "type": "g",
              "year": "pa_last_year_5",
            },
            Object {
              "auth": -48524,
              "exp": -48524,
              "name": "(S) Grant payments for the AgriInvest Kickstart program",
              "type": "g",
              "year": "pa_last_year_4",
            },
            Object {
              "auth": -66331,
              "exp": -66331,
              "name": "(S) Grant payments for the AgriInvest Kickstart program",
              "type": "g",
              "year": "pa_last_year_3",
            },
            Object {
              "auth": -36697,
              "exp": -36697,
              "name": "(S) Grant payments for the AgriInvest Kickstart program",
              "type": "g",
              "year": "pa_last_year_2",
            },
            Object {
              "auth": -83929,
              "exp": -83929,
              "name": "(S) Grant payments for the AgriInvest Kickstart program",
              "type": "g",
              "year": "pa_last_year",
            },
            Object {
              "auth": -20871,
              "exp": -20871,
              "name": "(S) Grants in support of the Grain and Oilseed Payment program",
              "type": "g",
              "year": "pa_last_year_5",
            },
            Object {
              "auth": -34421,
              "exp": -34421,
              "name": "(S) Grants in support of the Grain and Oilseed Payment program",
              "type": "g",
              "year": "pa_last_year_4",
            },
            Object {
              "auth": -50138,
              "exp": -50138,
              "name": "(S) Grants in support of the Grain and Oilseed Payment program",
              "type": "g",
              "year": "pa_last_year_3",
            },
            Object {
              "auth": -14701,
              "exp": -14701,
              "name": "(S) Grants in support of the Grain and Oilseed Payment program",
              "type": "g",
              "year": "pa_last_year_2",
            },
            Object {
              "auth": -35345,
              "exp": -35345,
              "name": "(S) Grants in support of the Grain and Oilseed Payment program",
              "type": "g",
              "year": "pa_last_year",
            },
            Object {
              "auth": -47902,
              "exp": -47902,
              "name": "(S) Class grant payments for the Transitional Industry Support program",
              "type": "g",
              "year": "pa_last_year_5",
            },
            Object {
              "auth": -10187,
              "exp": -10187,
              "name": "(S) Class grant payments for the Transitional Industry Support program",
              "type": "g",
              "year": "pa_last_year_4",
            },
            Object {
              "auth": -10610,
              "exp": -10610,
              "name": "(S) Class grant payments for the Transitional Industry Support program",
              "type": "g",
              "year": "pa_last_year_3",
            },
            Object {
              "auth": -2021,
              "exp": -2021,
              "name": "(S) Class grant payments for the Transitional Industry Support program",
              "type": "g",
              "year": "pa_last_year_2",
            },
            Object {
              "auth": -5278,
              "exp": -5278,
              "name": "(S) Class grant payments for the Transitional Industry Support program",
              "type": "g",
              "year": "pa_last_year",
            },
            Object {
              "auth": 600000,
              "exp": 0,
              "name": "(S) Grants to agencies established under the Farm Products Agencies Act",
              "type": "g",
              "year": "pa_last_year_5",
            },
            Object {
              "auth": 0,
              "exp": 0,
              "name": "(S) Grants to agencies established under the Farm Products Agencies Act",
              "type": "g",
              "year": "pa_last_year_4",
            },
            Object {
              "auth": 600000,
              "exp": 0,
              "name": "(S) Grants to agencies established under the Farm Products Agencies Act",
              "type": "g",
              "year": "pa_last_year_3",
            },
            Object {
              "auth": 600000,
              "exp": 0,
              "name": "(S) Grants to agencies established under the Farm Products Agencies Act",
              "type": "g",
              "year": "pa_last_year_2",
            },
            Object {
              "auth": 600000,
              "exp": 0,
              "name": "(S) Grants to agencies established under the Farm Products Agencies Act",
              "type": "g",
              "year": "pa_last_year",
            },
            Object {
              "auth": 0,
              "exp": 0,
              "name": "Grant payments for the AgriRisk Initiatives program",
              "type": "g",
              "year": "pa_last_year_5",
            },
            Object {
              "auth": 100000,
              "exp": 100000,
              "name": "Grant payments for the AgriRisk Initiatives program",
              "type": "g",
              "year": "pa_last_year_4",
            },
            Object {
              "auth": 100000,
              "exp": 100000,
              "name": "Grant payments for the AgriRisk Initiatives program",
              "type": "g",
              "year": "pa_last_year_3",
            },
            Object {
              "auth": 100000,
              "exp": 100000,
              "name": "Grant payments for the AgriRisk Initiatives program",
              "type": "g",
              "year": "pa_last_year_2",
            },
            Object {
              "auth": 100000,
              "exp": 100000,
              "name": "Grant payments for the AgriRisk Initiatives program",
              "type": "g",
              "year": "pa_last_year",
            },
            Object {
              "auth": 1273000,
              "exp": 1136820,
              "name": "Grants to foreign recipients for participation in international organizations supporting agriculture",
              "type": "g",
              "year": "pa_last_year_5",
            },
            Object {
              "auth": 714160,
              "exp": 714160,
              "name": "Grants to foreign recipients for participation in international organizations supporting agriculture",
              "type": "g",
              "year": "pa_last_year_4",
            },
            Object {
              "auth": 883000,
              "exp": 756170,
              "name": "Grants to foreign recipients for participation in international organizations supporting agriculture",
              "type": "g",
              "year": "pa_last_year_3",
            },
            Object {
              "auth": 883000,
              "exp": 847849,
              "name": "Grants to foreign recipients for participation in international organizations supporting agriculture",
              "type": "g",
              "year": "pa_last_year_2",
            },
            Object {
              "auth": 3083000,
              "exp": 3079475,
              "name": "Grants to foreign recipients for participation in international organizations supporting agriculture",
              "type": "g",
              "year": "pa_last_year",
            },
            Object {
              "auth": 500000,
              "exp": 500000,
              "name": "(S) Canadian Cattlemen's Association Legacy Fund",
              "type": "g",
              "year": "pa_last_year_5",
            },
            Object {
              "auth": 4453481,
              "exp": 4453481,
              "name": "(S) Canadian Cattlemen's Association Legacy Fund",
              "type": "g",
              "year": "pa_last_year_4",
            },
            Object {
              "auth": 2706066,
              "exp": 2706066,
              "name": "(S) Canadian Cattlemen's Association Legacy Fund",
              "type": "g",
              "year": "pa_last_year_3",
            },
            Object {
              "auth": -205473,
              "exp": -205473,
              "name": "(S) Canadian Cattlemen's Association Legacy Fund",
              "type": "g",
              "year": "pa_last_year_2",
            },
            Object {
              "auth": 0,
              "exp": 0,
              "name": "(S) Canadian Cattlemen's Association Legacy Fund",
              "type": "g",
              "year": "pa_last_year",
            },
            Object {
              "auth": 4600000,
              "exp": 3776404,
              "name": "Grant payments for the Churchill Port Utilisation program",
              "type": "g",
              "year": "pa_last_year_5",
            },
            Object {
              "auth": 4553244,
              "exp": 4553244,
              "name": "Grant payments for the Churchill Port Utilisation program",
              "type": "g",
              "year": "pa_last_year_4",
            },
            Object {
              "auth": 4600000,
              "exp": 4585371,
              "name": "Grant payments for the Churchill Port Utilisation program",
              "type": "g",
              "year": "pa_last_year_3",
            },
            Object {
              "auth": 4600000,
              "exp": 2254199,
              "name": "Grant payments for the Churchill Port Utilisation program",
              "type": "g",
              "year": "pa_last_year_2",
            },
            Object {
              "auth": 4600000,
              "exp": 0,
              "name": "Grant payments for the Churchill Port Utilisation program",
              "type": "g",
              "year": "pa_last_year",
            },
            Object {
              "auth": 182700000,
              "exp": 169373315,
              "name": "Grant payments for the Canadian Wheat Board Transition Costs program",
              "type": "g",
              "year": "pa_last_year_5",
            },
            Object {
              "auth": 29779845,
              "exp": 29779845,
              "name": "Grant payments for the Canadian Wheat Board Transition Costs program",
              "type": "g",
              "year": "pa_last_year_4",
            },
            Object {
              "auth": 31500000,
              "exp": 26802567,
              "name": "Grant payments for the Canadian Wheat Board Transition Costs program",
              "type": "g",
              "year": "pa_last_year_3",
            },
            Object {
              "auth": 55596000,
              "exp": 55263000,
              "name": "Grant payments for the Canadian Wheat Board Transition Costs program",
              "type": "g",
              "year": "pa_last_year_2",
            },
            Object {
              "auth": 0,
              "exp": 0,
              "name": "Grant payments for the Canadian Wheat Board Transition Costs program",
              "type": "g",
              "year": "pa_last_year",
            },
            Object {
              "auth": 64045303,
              "exp": 64045303,
              "name": "(S) Grant payments for the AgriStability program",
              "type": "g",
              "year": "pa_last_year_5",
            },
            Object {
              "auth": 26249991,
              "exp": 26249991,
              "name": "(S) Grant payments for the AgriStability program",
              "type": "g",
              "year": "pa_last_year_4",
            },
            Object {
              "auth": 35141652,
              "exp": 35141652,
              "name": "(S) Grant payments for the AgriStability program",
              "type": "g",
              "year": "pa_last_year_3",
            },
            Object {
              "auth": -1770468,
              "exp": -1770468,
              "name": "(S) Grant payments for the AgriStability program",
              "type": "g",
              "year": "pa_last_year_2",
            },
            Object {
              "auth": 35373415,
              "exp": 35373415,
              "name": "(S) Grant payments for the AgriStability program",
              "type": "g",
              "year": "pa_last_year",
            },
            Object {
              "auth": 192215825,
              "exp": 192215825,
              "name": "(S) Grant payments for the AgriInvest program",
              "type": "g",
              "year": "pa_last_year_5",
            },
            Object {
              "auth": 208528580,
              "exp": 208528580,
              "name": "(S) Grant payments for the AgriInvest program",
              "type": "g",
              "year": "pa_last_year_4",
            },
            Object {
              "auth": 149960139,
              "exp": 149960139,
              "name": "(S) Grant payments for the AgriInvest program",
              "type": "g",
              "year": "pa_last_year_3",
            },
            Object {
              "auth": 143010095,
              "exp": 143010095,
              "name": "(S) Grant payments for the AgriInvest program",
              "type": "g",
              "year": "pa_last_year_2",
            },
            Object {
              "auth": 152279055,
              "exp": 152279055,
              "name": "(S) Grant payments for the AgriInvest program",
              "type": "g",
              "year": "pa_last_year",
            },
            Object {
              "auth": -4771735,
              "exp": -4771735,
              "name": "(S) Contributions for agricultural risk management — Enhanced Spring Credit Advance program Business Risk Management",
              "type": "c",
              "year": "pa_last_year_5",
            },
            Object {
              "auth": -1227300,
              "exp": -1227300,
              "name": "(S) Contributions for agricultural risk management — Enhanced Spring Credit Advance program Business Risk Management",
              "type": "c",
              "year": "pa_last_year_4",
            },
            Object {
              "auth": -589623,
              "exp": -589623,
              "name": "(S) Contributions for agricultural risk management — Enhanced Spring Credit Advance program Business Risk Management",
              "type": "c",
              "year": "pa_last_year_3",
            },
            Object {
              "auth": -380878,
              "exp": -380878,
              "name": "(S) Contributions for agricultural risk management — Enhanced Spring Credit Advance program Business Risk Management",
              "type": "c",
              "year": "pa_last_year_2",
            },
            Object {
              "auth": -353075,
              "exp": -353075,
              "name": "(S) Contributions for agricultural risk management — Enhanced Spring Credit Advance program Business Risk Management",
              "type": "c",
              "year": "pa_last_year",
            },
            Object {
              "auth": 15072142,
              "exp": 9609313,
              "name": "Contribution payments for the control of diseases in the hog industry — Phase 2",
              "type": "c",
              "year": "pa_last_year_5",
            },
            Object {
              "auth": 1000000,
              "exp": 511244,
              "name": "Contribution payments for the control of diseases in the hog industry — Phase 2",
              "type": "c",
              "year": "pa_last_year_4",
            },
            Object {
              "auth": 2000000,
              "exp": 652461,
              "name": "Contribution payments for the control of diseases in the hog industry — Phase 2",
              "type": "c",
              "year": "pa_last_year_3",
            },
            Object {
              "auth": 0,
              "exp": 0,
              "name": "Contribution payments for the control of diseases in the hog industry — Phase 2",
              "type": "c",
              "year": "pa_last_year_2",
            },
            Object {
              "auth": 0,
              "exp": 0,
              "name": "Contribution payments for the control of diseases in the hog industry — Phase 2",
              "type": "c",
              "year": "pa_last_year",
            },
            Object {
              "auth": 864000,
              "exp": 771958,
              "name": "Contributions under the Career Focus program — Youth Employment Strategy",
              "type": "c",
              "year": "pa_last_year_5",
            },
            Object {
              "auth": 864000,
              "exp": 657372,
              "name": "Contributions under the Career Focus program — Youth Employment Strategy",
              "type": "c",
              "year": "pa_last_year_4",
            },
            Object {
              "auth": 864000,
              "exp": 684345,
              "name": "Contributions under the Career Focus program — Youth Employment Strategy",
              "type": "c",
              "year": "pa_last_year_3",
            },
            Object {
              "auth": 864000,
              "exp": 800921,
              "name": "Contributions under the Career Focus program — Youth Employment Strategy",
              "type": "c",
              "year": "pa_last_year_2",
            },
            Object {
              "auth": 2564000,
              "exp": 2335411,
              "name": "Contributions under the Career Focus program — Youth Employment Strategy",
              "type": "c",
              "year": "pa_last_year",
            },
            Object {
              "auth": -8500,
              "exp": -8500,
              "name": "(S) Contributions in support of Business Risk Management programs under the Agricultural Policy Framework - Province-Based programs",
              "type": "c",
              "year": "pa_last_year_5",
            },
            Object {
              "auth": -1106213,
              "exp": -1106213,
              "name": "(S) Contributions in support of Business Risk Management programs under the Agricultural Policy Framework - Province-Based programs",
              "type": "c",
              "year": "pa_last_year_4",
            },
            Object {
              "auth": 0,
              "exp": 0,
              "name": "(S) Contributions in support of Business Risk Management programs under the Agricultural Policy Framework - Province-Based programs",
              "type": "c",
              "year": "pa_last_year_3",
            },
            Object {
              "auth": 0,
              "exp": 0,
              "name": "(S) Contributions in support of Business Risk Management programs under the Agricultural Policy Framework - Province-Based programs",
              "type": "c",
              "year": "pa_last_year_2",
            },
            Object {
              "auth": 0,
              "exp": 0,
              "name": "(S) Contributions in support of Business Risk Management programs under the Agricultural Policy Framework - Province-Based programs",
              "type": "c",
              "year": "pa_last_year",
            },
            Object {
              "auth": -14751,
              "exp": -14751,
              "name": "(S) Contributions in support of the Grain and Oilseed Payment program",
              "type": "c",
              "year": "pa_last_year_5",
            },
            Object {
              "auth": 0,
              "exp": 0,
              "name": "(S) Contributions in support of the Grain and Oilseed Payment program",
              "type": "c",
              "year": "pa_last_year_4",
            },
            Object {
              "auth": 0,
              "exp": 0,
              "name": "(S) Contributions in support of the Grain and Oilseed Payment program",
              "type": "c",
              "year": "pa_last_year_3",
            },
            Object {
              "auth": 0,
              "exp": 0,
              "name": "(S) Contributions in support of the Grain and Oilseed Payment program",
              "type": "c",
              "year": "pa_last_year_2",
            },
            Object {
              "auth": 0,
              "exp": 0,
              "name": "(S) Contributions in support of the Grain and Oilseed Payment program",
              "type": "c",
              "year": "pa_last_year",
            },
            Object {
              "auth": 0,
              "exp": 0,
              "name": "(S) Contributions to a transition to future risk management programming",
              "type": "c",
              "year": "pa_last_year_5",
            },
            Object {
              "auth": 0,
              "exp": 0,
              "name": "(S) Contributions to a transition to future risk management programming",
              "type": "c",
              "year": "pa_last_year_4",
            },
            Object {
              "auth": 0,
              "exp": 0,
              "name": "(S) Contributions to a transition to future risk management programming",
              "type": "c",
              "year": "pa_last_year_3",
            },
            Object {
              "auth": 0,
              "exp": 0,
              "name": "(S) Contributions to a transition to future risk management programming",
              "type": "c",
              "year": "pa_last_year_2",
            },
            Object {
              "auth": -17844,
              "exp": -17844,
              "name": "(S) Contributions to a transition to future risk management programming",
              "type": "c",
              "year": "pa_last_year",
            },
            Object {
              "auth": 47389500,
              "exp": 7506592,
              "name": "Contribution payments for the ecoAgriculture Biofuels Capital Initiative",
              "type": "c",
              "year": "pa_last_year_5",
            },
            Object {
              "auth": 0,
              "exp": 0,
              "name": "Contribution payments for the ecoAgriculture Biofuels Capital Initiative",
              "type": "c",
              "year": "pa_last_year_4",
            },
            Object {
              "auth": 0,
              "exp": 0,
              "name": "Contribution payments for the ecoAgriculture Biofuels Capital Initiative",
              "type": "c",
              "year": "pa_last_year_3",
            },
            Object {
              "auth": 0,
              "exp": 0,
              "name": "Contribution payments for the ecoAgriculture Biofuels Capital Initiative",
              "type": "c",
              "year": "pa_last_year_2",
            },
            Object {
              "auth": 0,
              "exp": 0,
              "name": "Contribution payments for the ecoAgriculture Biofuels Capital Initiative",
              "type": "c",
              "year": "pa_last_year",
            },
            Object {
              "auth": 4892000,
              "exp": 4115371,
              "name": "Contributions for rural and co-operatives development",
              "type": "c",
              "year": "pa_last_year_5",
            },
            Object {
              "auth": 0,
              "exp": 0,
              "name": "Contributions for rural and co-operatives development",
              "type": "c",
              "year": "pa_last_year_4",
            },
            Object {
              "auth": 0,
              "exp": 0,
              "name": "Contributions for rural and co-operatives development",
              "type": "c",
              "year": "pa_last_year_3",
            },
            Object {
              "auth": 0,
              "exp": 0,
              "name": "Contributions for rural and co-operatives development",
              "type": "c",
              "year": "pa_last_year_2",
            },
            Object {
              "auth": 0,
              "exp": 0,
              "name": "Contributions for rural and co-operatives development",
              "type": "c",
              "year": "pa_last_year",
            },
            Object {
              "auth": 52332515,
              "exp": 48643531,
              "name": "Contributions to accelerate the pace of innovation and facilitate the adoption of new technologies",
              "type": "c",
              "year": "pa_last_year_5",
            },
            Object {
              "auth": 0,
              "exp": 0,
              "name": "Contributions to accelerate the pace of innovation and facilitate the adoption of new technologies",
              "type": "c",
              "year": "pa_last_year_4",
            },
            Object {
              "auth": 0,
              "exp": 0,
              "name": "Contributions to accelerate the pace of innovation and facilitate the adoption of new technologies",
              "type": "c",
              "year": "pa_last_year_3",
            },
            Object {
              "auth": 0,
              "exp": 0,
              "name": "Contributions to accelerate the pace of innovation and facilitate the adoption of new technologies",
              "type": "c",
              "year": "pa_last_year_2",
            },
            Object {
              "auth": 0,
              "exp": 0,
              "name": "Contributions to accelerate the pace of innovation and facilitate the adoption of new technologies",
              "type": "c",
              "year": "pa_last_year",
            },
            Object {
              "auth": 40529741,
              "exp": 36931697,
              "name": "Contributions to enable competitive enterprises and sectors",
              "type": "c",
              "year": "pa_last_year_5",
            },
            Object {
              "auth": 0,
              "exp": 0,
              "name": "Contributions to enable competitive enterprises and sectors",
              "type": "c",
              "year": "pa_last_year_4",
            },
            Object {
              "auth": 0,
              "exp": 0,
              "name": "Contributions to enable competitive enterprises and sectors",
              "type": "c",
              "year": "pa_last_year_3",
            },
            Object {
              "auth": 0,
              "exp": 0,
              "name": "Contributions to enable competitive enterprises and sectors",
              "type": "c",
              "year": "pa_last_year_2",
            },
            Object {
              "auth": 0,
              "exp": 0,
              "name": "Contributions to enable competitive enterprises and sectors",
              "type": "c",
              "year": "pa_last_year",
            },
            Object {
              "auth": 20685538,
              "exp": 14162100,
              "name": "Contributions to enhance the safety and security of Canada's food system",
              "type": "c",
              "year": "pa_last_year_5",
            },
            Object {
              "auth": 0,
              "exp": 0,
              "name": "Contributions to enhance the safety and security of Canada's food system",
              "type": "c",
              "year": "pa_last_year_4",
            },
            Object {
              "auth": 0,
              "exp": 0,
              "name": "Contributions to enhance the safety and security of Canada's food system",
              "type": "c",
              "year": "pa_last_year_3",
            },
            Object {
              "auth": 0,
              "exp": 0,
              "name": "Contributions to enhance the safety and security of Canada's food system",
              "type": "c",
              "year": "pa_last_year_2",
            },
            Object {
              "auth": 0,
              "exp": 0,
              "name": "Contributions to enhance the safety and security of Canada's food system",
              "type": "c",
              "year": "pa_last_year",
            },
            Object {
              "auth": 30402961,
              "exp": 18937730,
              "name": "Contributions to minimize the occurrence and extent of risk incidents",
              "type": "c",
              "year": "pa_last_year_5",
            },
            Object {
              "auth": 0,
              "exp": 0,
              "name": "Contributions to minimize the occurrence and extent of risk incidents",
              "type": "c",
              "year": "pa_last_year_4",
            },
            Object {
              "auth": 0,
              "exp": 0,
              "name": "Contributions to minimize the occurrence and extent of risk incidents",
              "type": "c",
              "year": "pa_last_year_3",
            },
            Object {
              "auth": 0,
              "exp": 0,
              "name": "Contributions to minimize the occurrence and extent of risk incidents",
              "type": "c",
              "year": "pa_last_year_2",
            },
            Object {
              "auth": 0,
              "exp": 0,
              "name": "Contributions to minimize the occurrence and extent of risk incidents",
              "type": "c",
              "year": "pa_last_year",
            },
            Object {
              "auth": 64891450,
              "exp": 62764368,
              "name": "Contributions to promote environmentally responsible agriculture",
              "type": "c",
              "year": "pa_last_year_5",
            },
            Object {
              "auth": 0,
              "exp": 0,
              "name": "Contributions to promote environmentally responsible agriculture",
              "type": "c",
              "year": "pa_last_year_4",
            },
            Object {
              "auth": 0,
              "exp": 0,
              "name": "Contributions to promote environmentally responsible agriculture",
              "type": "c",
              "year": "pa_last_year_3",
            },
            Object {
              "auth": 0,
              "exp": 0,
              "name": "Contributions to promote environmentally responsible agriculture",
              "type": "c",
              "year": "pa_last_year_2",
            },
            Object {
              "auth": 0,
              "exp": 0,
              "name": "Contributions to promote environmentally responsible agriculture",
              "type": "c",
              "year": "pa_last_year",
            },
            Object {
              "auth": 13900000,
              "exp": 4922536,
              "name": "Contributions to support the Specified Risk Material Innovation program",
              "type": "c",
              "year": "pa_last_year_5",
            },
            Object {
              "auth": 0,
              "exp": 0,
              "name": "Contributions to support the Specified Risk Material Innovation program",
              "type": "c",
              "year": "pa_last_year_4",
            },
            Object {
              "auth": 0,
              "exp": 0,
              "name": "Contributions to support the Specified Risk Material Innovation program",
              "type": "c",
              "year": "pa_last_year_3",
            },
            Object {
              "auth": 0,
              "exp": 0,
              "name": "Contributions to support the Specified Risk Material Innovation program",
              "type": "c",
              "year": "pa_last_year_2",
            },
            Object {
              "auth": 0,
              "exp": 0,
              "name": "Contributions to support the Specified Risk Material Innovation program",
              "type": "c",
              "year": "pa_last_year",
            },
            Object {
              "auth": 25916474,
              "exp": 23491159,
              "name": "Contributions to transform Canada's strengths into domestic and global success",
              "type": "c",
              "year": "pa_last_year_5",
            },
            Object {
              "auth": 0,
              "exp": 0,
              "name": "Contributions to transform Canada's strengths into domestic and global success",
              "type": "c",
              "year": "pa_last_year_4",
            },
            Object {
              "auth": 0,
              "exp": 0,
              "name": "Contributions to transform Canada's strengths into domestic and global success",
              "type": "c",
              "year": "pa_last_year_3",
            },
            Object {
              "auth": 0,
              "exp": 0,
              "name": "Contributions to transform Canada's strengths into domestic and global success",
              "type": "c",
              "year": "pa_last_year_2",
            },
            Object {
              "auth": 0,
              "exp": 0,
              "name": "Contributions to transform Canada's strengths into domestic and global success",
              "type": "c",
              "year": "pa_last_year",
            },
            Object {
              "auth": 62589778,
              "exp": 51701074,
              "name": "Programming related to the Agricultural Flexibility Fund",
              "type": "c",
              "year": "pa_last_year_5",
            },
            Object {
              "auth": 39387692,
              "exp": 38098681,
              "name": "Programming related to the Agricultural Flexibility Fund",
              "type": "c",
              "year": "pa_last_year_4",
            },
            Object {
              "auth": 0,
              "exp": 0,
              "name": "Programming related to the Agricultural Flexibility Fund",
              "type": "c",
              "year": "pa_last_year_3",
            },
            Object {
              "auth": 0,
              "exp": 0,
              "name": "Programming related to the Agricultural Flexibility Fund",
              "type": "c",
              "year": "pa_last_year_2",
            },
            Object {
              "auth": 0,
              "exp": 0,
              "name": "Programming related to the Agricultural Flexibility Fund",
              "type": "c",
              "year": "pa_last_year",
            },
            Object {
              "auth": 100000,
              "exp": 100000,
              "name": "(S) Grant payments for the Agricultural Disaster Relief program/AgriRecovery",
              "type": "g",
              "year": "pa_last_year_5",
            },
            Object {
              "auth": 13382,
              "exp": 13382,
              "name": "(S) Grant payments for the Agricultural Disaster Relief program/AgriRecovery",
              "type": "g",
              "year": "pa_last_year_4",
            },
            Object {
              "auth": 0,
              "exp": 0,
              "name": "(S) Grant payments for the Agricultural Disaster Relief program/AgriRecovery",
              "type": "g",
              "year": "pa_last_year_3",
            },
            Object {
              "auth": 0,
              "exp": 0,
              "name": "(S) Grant payments for the Agricultural Disaster Relief program/AgriRecovery",
              "type": "g",
              "year": "pa_last_year_2",
            },
            Object {
              "auth": 0,
              "exp": 0,
              "name": "(S) Grant payments for the Agricultural Disaster Relief program/AgriRecovery",
              "type": "g",
              "year": "pa_last_year",
            },
            Object {
              "auth": 299000,
              "exp": 149890,
              "name": "Agricultural research in universities and other scientific organizations in Canada",
              "type": "g",
              "year": "pa_last_year_5",
            },
            Object {
              "auth": 299000,
              "exp": 45000,
              "name": "Agricultural research in universities and other scientific organizations in Canada",
              "type": "g",
              "year": "pa_last_year_4",
            },
            Object {
              "auth": 0,
              "exp": 0,
              "name": "Agricultural research in universities and other scientific organizations in Canada",
              "type": "g",
              "year": "pa_last_year_3",
            },
            Object {
              "auth": 0,
              "exp": 0,
              "name": "Agricultural research in universities and other scientific organizations in Canada",
              "type": "g",
              "year": "pa_last_year_2",
            },
            Object {
              "auth": 0,
              "exp": 0,
              "name": "Agricultural research in universities and other scientific organizations in Canada",
              "type": "g",
              "year": "pa_last_year",
            },
            Object {
              "auth": 75000,
              "exp": 75000,
              "name": "Grant payments to the Organisation for Economic Co-operation and Development",
              "type": "g",
              "year": "pa_last_year_5",
            },
            Object {
              "auth": 0,
              "exp": 0,
              "name": "Grant payments to the Organisation for Economic Co-operation and Development",
              "type": "g",
              "year": "pa_last_year_4",
            },
            Object {
              "auth": 0,
              "exp": 0,
              "name": "Grant payments to the Organisation for Economic Co-operation and Development",
              "type": "g",
              "year": "pa_last_year_3",
            },
            Object {
              "auth": 0,
              "exp": 0,
              "name": "Grant payments to the Organisation for Economic Co-operation and Development",
              "type": "g",
              "year": "pa_last_year_2",
            },
            Object {
              "auth": 0,
              "exp": 0,
              "name": "Grant payments to the Organisation for Economic Co-operation and Development",
              "type": "g",
              "year": "pa_last_year",
            },
          ],
          "top_n_with_other": Array [
            Object {
              "auth": 701496004,
              "exp": 701496004,
              "name": "(S) Contribution payments for the AgriInsurance program",
              "type": "c",
              "year": "pa_last_year",
            },
            Object {
              "auth": 311527441,
              "exp": 311527441,
              "name": "(S) Contribution payments for the AgriStability program",
              "type": "c",
              "year": "pa_last_year",
            },
            Object {
              "auth": 152279055,
              "exp": 152279055,
              "name": "(S) Grant payments for the AgriInvest program",
              "type": "g",
              "year": "pa_last_year",
            },
            Object {
              "auth": 445925026,
              "exp": 408494228,
              "name": null,
              "type": null,
              "year": "pa_last_year",
            },
          ],
        },
      },
    },
  },
}
`;
